2025-04-15 01:18:35.628670 - Received CBT.V508.FILE300.PDS from FILE300.XMI 
2025-04-15 01:18:35.650465 - Found $$$#DATE.txt (text/plain) in CBT.V508.FILE300.PDS, moved to PDS/$$$#DATE
2025-04-15 01:18:35.650797 - Found $$CHANLG.txt (text/plain) in CBT.V508.FILE300.PDS, moved to PDS/$$CHANLG
2025-04-15 01:18:35.651305 - Found $$PROSE.txt (text/plain) in CBT.V508.FILE300.PDS, moved to PDS/$$PROSE
2025-04-15 01:18:35.651911 - Found $$ZDOC.txt (text/plain) in CBT.V508.FILE300.PDS, moved to PDS/$$ZDOC
2025-04-15 01:18:35.652343 - Found $DI.txt (text/plain) in CBT.V508.FILE300.PDS, moved to PDS/$DI
2025-04-15 01:18:35.652530 - Found $DI$.txt (text/plain) in CBT.V508.FILE300.PDS, moved to PDS/$DI$
2025-04-15 01:18:35.652721 - Found $DI#.txt (text/plain) in CBT.V508.FILE300.PDS, moved to PDS/$DI#
2025-04-15 01:18:35.653028 - Found $DIO.txt (text/plain) in CBT.V508.FILE300.PDS, moved to PDS/$DIO
2025-04-15 01:18:35.653630 - Found @FILE300.txt (text/plain) in CBT.V508.FILE300.PDS, moved to PDS/@FILE300
2025-04-15 01:18:35.654229 - Found ABEND#.txt (text/plain) in CBT.V508.FILE300.PDS, moved to PDS/ABEND#
2025-04-15 01:18:35.655071 - Found ABEND##.txt (text/plain) in CBT.V508.FILE300.PDS, moved to PDS/ABEND##
2025-04-15 01:18:35.655245 - Found ACTIVE.txt (text/plain) in CBT.V508.FILE300.PDS, moved to PDS/ACTIVE
2025-04-15 01:18:35.655555 - Found ASK.txt (text/plain) in CBT.V508.FILE300.PDS, moved to PDS/ASK
2025-04-15 01:18:35.655745 - Found ASK$.txt (text/plain) in CBT.V508.FILE300.PDS, moved to PDS/ASK$
2025-04-15 01:18:35.655921 - Found ASK#.txt (text/plain) in CBT.V508.FILE300.PDS, moved to PDS/ASK#
2025-04-15 01:18:35.656087 - Found ASMF$.txt (text/plain) in CBT.V508.FILE300.PDS, moved to PDS/ASMF$
2025-04-15 01:18:35.656293 - Found ASMF#.txt (text/plain) in CBT.V508.FILE300.PDS, moved to PDS/ASMF#
2025-04-15 01:18:35.656983 - Found ASMG.txt (text/plain) in CBT.V508.FILE300.PDS, moved to PDS/ASMG
2025-04-15 01:18:35.657268 - Found ASMG$.txt (text/plain) in CBT.V508.FILE300.PDS, moved to PDS/ASMG$
2025-04-15 01:18:35.657559 - Found ASMG#.txt (text/plain) in CBT.V508.FILE300.PDS, moved to PDS/ASMG#
2025-04-15 01:18:35.657841 - Found ASMG2.txt (text/plain) in CBT.V508.FILE300.PDS, moved to PDS/ASMG2
2025-04-15 01:18:35.658468 - Found ASMH.txt (text/plain) in CBT.V508.FILE300.PDS, moved to PDS/ASMH
2025-04-15 01:18:35.658623 - Found ASMH$.txt (text/plain) in CBT.V508.FILE300.PDS, moved to PDS/ASMH$
2025-04-15 01:18:35.658921 - Found ASMH#.txt (text/plain) in CBT.V508.FILE300.PDS, moved to PDS/ASMH#
2025-04-15 01:18:35.659211 - Found ASMHNOX.txt (text/plain) in CBT.V508.FILE300.PDS, moved to PDS/ASMHNOX
2025-04-15 01:18:35.659815 - Found AUCMD.txt (text/plain) in CBT.V508.FILE300.PDS, moved to PDS/AUCMD
2025-04-15 01:18:35.660102 - Found AUCMD$.jcl (text/plain) in CBT.V508.FILE300.PDS, moved to PDS/AUCMD$
2025-04-15 01:18:35.660390 - Found AUCMD#.txt (text/plain) in CBT.V508.FILE300.PDS, moved to PDS/AUCMD#
2025-04-15 01:18:35.660814 - Found AUCMDA.txt (text/plain) in CBT.V508.FILE300.PDS, moved to PDS/AUCMDA
2025-04-15 01:18:35.660960 - Found AUCMDA$.jcl (text/plain) in CBT.V508.FILE300.PDS, moved to PDS/AUCMDA$
2025-04-15 01:18:35.661279 - Found AUCMD1.txt (text/plain) in CBT.V508.FILE300.PDS, moved to PDS/AUCMD1
2025-04-15 01:18:35.661608 - Found AUCMD2.txt (text/plain) in CBT.V508.FILE300.PDS, moved to PDS/AUCMD2
2025-04-15 01:18:35.662179 - Found AUPGM.txt (text/plain) in CBT.V508.FILE300.PDS, moved to PDS/AUPGM
2025-04-15 01:18:35.662336 - Found AUPGM$.txt (text/plain) in CBT.V508.FILE300.PDS, moved to PDS/AUPGM$
2025-04-15 01:18:35.662617 - Found AUPGM#.txt (text/plain) in CBT.V508.FILE300.PDS, moved to PDS/AUPGM#
2025-04-15 01:18:35.663105 - Found AUPGM01.txt (text/plain) in CBT.V508.FILE300.PDS, moved to PDS/AUPGM01
2025-04-15 01:18:35.663414 - Found CALC.txt (text/plain) in CBT.V508.FILE300.PDS, moved to PDS/CALC
2025-04-15 01:18:35.663748 - Found CALC$.jcl (text/plain) in CBT.V508.FILE300.PDS, moved to PDS/CALC$
2025-04-15 01:18:35.664042 - Found CALC$O.txt (text/plain) in CBT.V508.FILE300.PDS, moved to PDS/CALC$O
2025-04-15 01:18:35.664326 - Found CALC#.txt (text/plain) in CBT.V508.FILE300.PDS, moved to PDS/CALC#
2025-04-15 01:18:35.664602 - Found CALC@.txt (text/plain) in CBT.V508.FILE300.PDS, moved to PDS/CALC@
2025-04-15 01:18:35.664888 - Found CALCINST.txt (text/plain) in CBT.V508.FILE300.PDS, moved to PDS/CALCINST
2025-04-15 01:18:35.665164 - Found CALCIN14.jcl (text/plain) in CBT.V508.FILE300.PDS, moved to PDS/CALCIN14
2025-04-15 01:18:35.665468 - Found CALCIN23.jcl (text/plain) in CBT.V508.FILE300.PDS, moved to PDS/CALCIN23
2025-04-15 01:18:35.665761 - Found CALCLE41.jcl (text/plain) in CBT.V508.FILE300.PDS, moved to PDS/CALCLE41
2025-04-15 01:18:35.666088 - Found CALCO.txt (text/plain) in CBT.V508.FILE300.PDS, moved to PDS/CALCO
2025-04-15 01:18:35.666695 - Found CALCSUB.txt (text/plain) in CBT.V508.FILE300.PDS, moved to PDS/CALCSUB
2025-04-15 01:18:35.666996 - Found CALCSUB#.txt (text/plain) in CBT.V508.FILE300.PDS, moved to PDS/CALCSUB#
2025-04-15 01:18:35.667607 - Found CATMAN.txt (text/plain) in CBT.V508.FILE300.PDS, moved to PDS/CATMAN
2025-04-15 01:18:35.667920 - Found CATMAN$.txt (text/plain) in CBT.V508.FILE300.PDS, moved to PDS/CATMAN$
2025-04-15 01:18:35.668215 - Found CATMAN#.txt (text/plain) in CBT.V508.FILE300.PDS, moved to PDS/CATMAN#
2025-04-15 01:18:35.668562 - Found CATPW.txt (text/plain) in CBT.V508.FILE300.PDS, moved to PDS/CATPW
2025-04-15 01:18:35.668845 - Found CATPW#.txt (text/plain) in CBT.V508.FILE300.PDS, moved to PDS/CATPW#
2025-04-15 01:18:35.669149 - Found CBUF.txt (text/plain) in CBT.V508.FILE300.PDS, moved to PDS/CBUF
2025-04-15 01:18:35.669440 - Found CBUF$.jcl (text/plain) in CBT.V508.FILE300.PDS, moved to PDS/CBUF$
2025-04-15 01:18:35.670103 - Found CDSCB.txt (text/plain) in CBT.V508.FILE300.PDS, moved to PDS/CDSCB
2025-04-15 01:18:35.670419 - Found CDSCB$.jcl (text/plain) in CBT.V508.FILE300.PDS, moved to PDS/CDSCB$
2025-04-15 01:18:35.670714 - Found CDSCB$$.jcl (text/plain) in CBT.V508.FILE300.PDS, moved to PDS/CDSCB$$
2025-04-15 01:18:35.670889 - Found CDSCB#.txt (text/plain) in CBT.V508.FILE300.PDS, moved to PDS/CDSCB#
2025-04-15 01:18:35.671469 - Found CDSCBO.txt (text/plain) in CBT.V508.FILE300.PDS, moved to PDS/CDSCBO
2025-04-15 01:18:35.672084 - Found CDSCB1.txt (text/plain) in CBT.V508.FILE300.PDS, moved to PDS/CDSCB1
2025-04-15 01:18:35.672378 - Found CLRSCRN.txt (text/plain) in CBT.V508.FILE300.PDS, moved to PDS/CLRSCRN
2025-04-15 01:18:35.672660 - Found CLRSCRN$.txt (text/plain) in CBT.V508.FILE300.PDS, moved to PDS/CLRSCRN$
2025-04-15 01:18:35.672936 - Found CLRSCRN#.txt (text/plain) in CBT.V508.FILE300.PDS, moved to PDS/CLRSCRN#
2025-04-15 01:18:35.673212 - Found CLR2000.txt (text/plain) in CBT.V508.FILE300.PDS, moved to PDS/CLR2000
2025-04-15 01:18:35.673489 - Found CLR2000$.txt (text/plain) in CBT.V508.FILE300.PDS, moved to PDS/CLR2000$
2025-04-15 01:18:35.673766 - Found CLR2000#.txt (text/plain) in CBT.V508.FILE300.PDS, moved to PDS/CLR2000#
2025-04-15 01:18:35.674357 - Found CMD.txt (text/plain) in CBT.V508.FILE300.PDS, moved to PDS/CMD
2025-04-15 01:18:35.674693 - Found CMD$.jcl (text/plain) in CBT.V508.FILE300.PDS, moved to PDS/CMD$
2025-04-15 01:18:35.675007 - Found CMDLOFF.txt (text/plain) in CBT.V508.FILE300.PDS, moved to PDS/CMDLOFF
2025-04-15 01:18:35.675284 - Found CMDLOFF$.jcl (text/plain) in CBT.V508.FILE300.PDS, moved to PDS/CMDLOFF$
2025-04-15 01:18:35.675568 - Found CMDLOFF#.txt (text/plain) in CBT.V508.FILE300.PDS, moved to PDS/CMDLOFF#
2025-04-15 01:18:35.675870 - Found CMDLOFFO.txt (text/plain) in CBT.V508.FILE300.PDS, moved to PDS/CMDLOFFO
2025-04-15 01:18:35.676413 - Found CMDOLD.txt (text/plain) in CBT.V508.FILE300.PDS, moved to PDS/CMDOLD
2025-04-15 01:18:35.676578 - Found CMDOLD$.jcl (text/plain) in CBT.V508.FILE300.PDS, moved to PDS/CMDOLD$
2025-04-15 01:18:35.676870 - Found COBMVS.txt (text/plain) in CBT.V508.FILE300.PDS, moved to PDS/COBMVS
2025-04-15 01:18:35.677148 - Found COBMVS$.txt (text/plain) in CBT.V508.FILE300.PDS, moved to PDS/COBMVS$
2025-04-15 01:18:35.677430 - Found COBMVS#.txt (text/plain) in CBT.V508.FILE300.PDS, moved to PDS/COBMVS#
2025-04-15 01:18:35.677713 - Found COBOLCH$.txt (text/plain) in CBT.V508.FILE300.PDS, moved to PDS/COBOLCH$
2025-04-15 01:18:35.677993 - Found COBOLCH#.txt (text/plain) in CBT.V508.FILE300.PDS, moved to PDS/COBOLCH#
2025-04-15 01:18:35.678590 - Found COBOLCHK.txt (text/plain) in CBT.V508.FILE300.PDS, moved to PDS/COBOLCHK
2025-04-15 01:18:35.679186 - Found COB2CHK.txt (text/plain) in CBT.V508.FILE300.PDS, moved to PDS/COB2CHK
2025-04-15 01:18:35.679471 - Found COB2CHK$.txt (text/plain) in CBT.V508.FILE300.PDS, moved to PDS/COB2CHK$
2025-04-15 01:18:35.679751 - Found COB2CHK#.txt (text/plain) in CBT.V508.FILE300.PDS, moved to PDS/COB2CHK#
2025-04-15 01:18:35.680310 - Found COMPARE.txt (text/plain) in CBT.V508.FILE300.PDS, moved to PDS/COMPARE
2025-04-15 01:18:35.680596 - Found COMPARE$.txt (text/plain) in CBT.V508.FILE300.PDS, moved to PDS/COMPARE$
2025-04-15 01:18:35.680878 - Found COMPARE#.txt (text/plain) in CBT.V508.FILE300.PDS, moved to PDS/COMPARE#
2025-04-15 01:18:35.681329 - Found COMPAREB.txt (text/plain) in CBT.V508.FILE300.PDS, moved to PDS/COMPAREB
2025-04-15 01:18:35.681482 - Found COMPRES$.jcl (text/plain) in CBT.V508.FILE300.PDS, moved to PDS/COMPRES$
2025-04-15 01:18:35.681762 - Found COMPRES#.txt (text/plain) in CBT.V508.FILE300.PDS, moved to PDS/COMPRES#
2025-04-15 01:18:35.682298 - Found COMPRESO.txt (text/plain) in CBT.V508.FILE300.PDS, moved to PDS/COMPRESO
2025-04-15 01:18:35.682799 - Found COMPRESS.txt (text/plain) in CBT.V508.FILE300.PDS, moved to PDS/COMPRESS
2025-04-15 01:18:35.683106 - Found CONCAT.txt (text/plain) in CBT.V508.FILE300.PDS, moved to PDS/CONCAT
2025-04-15 01:18:35.683384 - Found CONCAT$.txt (text/plain) in CBT.V508.FILE300.PDS, moved to PDS/CONCAT$
2025-04-15 01:18:35.683536 - Found CONCAT#.txt (text/plain) in CBT.V508.FILE300.PDS, moved to PDS/CONCAT#
2025-04-15 01:18:35.684035 - Found COPYPDS.txt (text/plain) in CBT.V508.FILE300.PDS, moved to PDS/COPYPDS
2025-04-15 01:18:35.684317 - Found COPYPDS$.txt (text/plain) in CBT.V508.FILE300.PDS, moved to PDS/COPYPDS$
2025-04-15 01:18:35.684595 - Found COPYPDS#.txt (text/plain) in CBT.V508.FILE300.PDS, moved to PDS/COPYPDS#
2025-04-15 01:18:35.685135 - Found COPYSDS.txt (text/plain) in CBT.V508.FILE300.PDS, moved to PDS/COPYSDS
2025-04-15 01:18:35.685443 - Found COPYSDS$.txt (text/plain) in CBT.V508.FILE300.PDS, moved to PDS/COPYSDS$
2025-04-15 01:18:35.685779 - Found COPYSDS#.txt (text/plain) in CBT.V508.FILE300.PDS, moved to PDS/COPYSDS#
2025-04-15 01:18:35.686417 - Found COUNT.txt (text/plain) in CBT.V508.FILE300.PDS, moved to PDS/COUNT
2025-04-15 01:18:35.686706 - Found COUNT$.jcl (text/plain) in CBT.V508.FILE300.PDS, moved to PDS/COUNT$
2025-04-15 01:18:35.687026 - Found COUNT#.txt (text/plain) in CBT.V508.FILE300.PDS, moved to PDS/COUNT#
2025-04-15 01:18:35.687680 - Found COUNTA.txt (text/plain) in CBT.V508.FILE300.PDS, moved to PDS/COUNTA
2025-04-15 01:18:35.688313 - Found COUNT1.txt (text/plain) in CBT.V508.FILE300.PDS, moved to PDS/COUNT1
2025-04-15 01:18:35.688921 - Found COUNT1A.txt (text/plain) in CBT.V508.FILE300.PDS, moved to PDS/COUNT1A
2025-04-15 01:18:35.689545 - Found COUNT2.txt (text/plain) in CBT.V508.FILE300.PDS, moved to PDS/COUNT2
2025-04-15 01:18:35.689897 - Found CPSCB.txt (text/plain) in CBT.V508.FILE300.PDS, moved to PDS/CPSCB
2025-04-15 01:18:35.690055 - Found CPSCB$.jcl (text/plain) in CBT.V508.FILE300.PDS, moved to PDS/CPSCB$
2025-04-15 01:18:35.690225 - Found CPSCB#.txt (text/plain) in CBT.V508.FILE300.PDS, moved to PDS/CPSCB#
2025-04-15 01:18:35.690431 - Found CVD.txt (text/plain) in CBT.V508.FILE300.PDS, moved to PDS/CVD
2025-04-15 01:18:35.690591 - Found CVD$.jcl (text/plain) in CBT.V508.FILE300.PDS, moved to PDS/CVD$
2025-04-15 01:18:35.690762 - Found CVD#.txt (text/plain) in CBT.V508.FILE300.PDS, moved to PDS/CVD#
2025-04-15 01:18:35.690986 - Found CVX.txt (text/plain) in CBT.V508.FILE300.PDS, moved to PDS/CVX
2025-04-15 01:18:35.691142 - Found CVX$.jcl (text/plain) in CBT.V508.FILE300.PDS, moved to PDS/CVX$
2025-04-15 01:18:35.691293 - Found CVX#.txt (text/plain) in CBT.V508.FILE300.PDS, moved to PDS/CVX#
2025-04-15 01:18:35.691812 - Found DA.txt (text/plain) in CBT.V508.FILE300.PDS, moved to PDS/DA
2025-04-15 01:18:35.692103 - Found DA$.jcl (text/plain) in CBT.V508.FILE300.PDS, moved to PDS/DA$
2025-04-15 01:18:35.692383 - Found DA$ZAP.jcl (text/plain) in CBT.V508.FILE300.PDS, moved to PDS/DA$ZAP
2025-04-15 01:18:35.692673 - Found DA#.txt (text/plain) in CBT.V508.FILE300.PDS, moved to PDS/DA#
2025-04-15 01:18:35.692958 - Found DA@@.txt (text/plain) in CBT.V508.FILE300.PDS, moved to PDS/DA@@
2025-04-15 01:18:35.693521 - Found DAJOB.txt (text/plain) in CBT.V508.FILE300.PDS, moved to PDS/DAJOB
2025-04-15 01:18:35.693810 - Found DAJOB$.jcl (text/plain) in CBT.V508.FILE300.PDS, moved to PDS/DAJOB$
2025-04-15 01:18:35.694093 - Found DAJOB#.txt (text/plain) in CBT.V508.FILE300.PDS, moved to PDS/DAJOB#
2025-04-15 01:18:35.694416 - Found DAJOBO.txt (text/plain) in CBT.V508.FILE300.PDS, moved to PDS/DAJOBO
2025-04-15 01:18:35.695019 - Found DAOLD.txt (text/plain) in CBT.V508.FILE300.PDS, moved to PDS/DAOLD
2025-04-15 01:18:35.695312 - Found DAOLD#.txt (text/plain) in CBT.V508.FILE300.PDS, moved to PDS/DAOLD#
2025-04-15 01:18:35.695906 - Found DAPF.txt (text/plain) in CBT.V508.FILE300.PDS, moved to PDS/DAPF
2025-04-15 01:18:35.696223 - Found DAPF$.jcl (text/plain) in CBT.V508.FILE300.PDS, moved to PDS/DAPF$
2025-04-15 01:18:35.696405 - Found DAPF#.txt (text/plain) in CBT.V508.FILE300.PDS, moved to PDS/DAPF#
2025-04-15 01:18:35.696754 - Found DAPFU.txt (text/plain) in CBT.V508.FILE300.PDS, moved to PDS/DAPFU
2025-04-15 01:18:35.697100 - Found DAPF00.txt (text/plain) in CBT.V508.FILE300.PDS, moved to PDS/DAPF00
2025-04-15 01:18:35.697442 - Found DATE.txt (text/plain) in CBT.V508.FILE300.PDS, moved to PDS/DATE
2025-04-15 01:18:35.697609 - Found DATE$.txt (text/plain) in CBT.V508.FILE300.PDS, moved to PDS/DATE$
2025-04-15 01:18:35.697775 - Found DATE#.txt (text/plain) in CBT.V508.FILE300.PDS, moved to PDS/DATE#
2025-04-15 01:18:35.698181 - Found DDISK.txt (text/plain) in CBT.V508.FILE300.PDS, moved to PDS/DDISK
2025-04-15 01:18:35.698342 - Found DDISK$.jcl (text/plain) in CBT.V508.FILE300.PDS, moved to PDS/DDISK$
2025-04-15 01:18:35.698643 - Found DDISKO.txt (text/plain) in CBT.V508.FILE300.PDS, moved to PDS/DDISKO
2025-04-15 01:18:35.698967 - Found DDISK01.txt (text/plain) in CBT.V508.FILE300.PDS, moved to PDS/DDISK01
2025-04-15 01:18:35.699793 - Found DDX.txt (text/plain) in CBT.V508.FILE300.PDS, moved to PDS/DDX
2025-04-15 01:18:35.699993 - Found DDX$.jcl (text/plain) in CBT.V508.FILE300.PDS, moved to PDS/DDX$
2025-04-15 01:18:35.700295 - Found DDX#.txt (text/plain) in CBT.V508.FILE300.PDS, moved to PDS/DDX#
2025-04-15 01:18:35.701111 - Found DD01.txt (text/plain) in CBT.V508.FILE300.PDS, moved to PDS/DD01
2025-04-15 01:18:35.701281 - Found DECONCA$.txt (text/plain) in CBT.V508.FILE300.PDS, moved to PDS/DECONCA$
2025-04-15 01:18:35.701571 - Found DECONCA#.txt (text/plain) in CBT.V508.FILE300.PDS, moved to PDS/DECONCA#
2025-04-15 01:18:35.701753 - Found DECONCAT.txt (text/plain) in CBT.V508.FILE300.PDS, moved to PDS/DECONCAT
2025-04-15 01:18:35.701922 - Found DELAY.txt (text/plain) in CBT.V508.FILE300.PDS, moved to PDS/DELAY
2025-04-15 01:18:35.702095 - Found DELAY$.txt (text/plain) in CBT.V508.FILE300.PDS, moved to PDS/DELAY$
2025-04-15 01:18:35.702290 - Found DELAY#.txt (text/plain) in CBT.V508.FILE300.PDS, moved to PDS/DELAY#
2025-04-15 01:18:35.702642 - Found DEX.txt (text/plain) in CBT.V508.FILE300.PDS, moved to PDS/DEX
2025-04-15 01:18:35.702827 - Found DEX$.txt (text/plain) in CBT.V508.FILE300.PDS, moved to PDS/DEX$
2025-04-15 01:18:35.703013 - Found DEX#.txt (text/plain) in CBT.V508.FILE300.PDS, moved to PDS/DEX#
2025-04-15 01:18:35.703653 - Found DISPLAY.txt (text/plain) in CBT.V508.FILE300.PDS, moved to PDS/DISPLAY
2025-04-15 01:18:35.703833 - Found DISPLAY$.txt (text/plain) in CBT.V508.FILE300.PDS, moved to PDS/DISPLAY$
2025-04-15 01:18:35.704009 - Found DISPLAY#.txt (text/plain) in CBT.V508.FILE300.PDS, moved to PDS/DISPLAY#
2025-04-15 01:18:35.704650 - Found DLINK.txt (text/plain) in CBT.V508.FILE300.PDS, moved to PDS/DLINK
2025-04-15 01:18:35.704945 - Found DLINK$.jcl (text/plain) in CBT.V508.FILE300.PDS, moved to PDS/DLINK$
2025-04-15 01:18:35.705240 - Found DLINK#.txt (text/plain) in CBT.V508.FILE300.PDS, moved to PDS/DLINK#
2025-04-15 01:18:35.705410 - Found DLINKO.txt (text/plain) in CBT.V508.FILE300.PDS, moved to PDS/DLINKO
2025-04-15 01:18:35.705707 - Found DLPA.txt (text/plain) in CBT.V508.FILE300.PDS, moved to PDS/DLPA
2025-04-15 01:18:35.705896 - Found DLPA$.jcl (text/plain) in CBT.V508.FILE300.PDS, moved to PDS/DLPA$
2025-04-15 01:18:35.706062 - Found DLPA#.txt (text/plain) in CBT.V508.FILE300.PDS, moved to PDS/DLPA#
2025-04-15 01:18:35.706270 - Found DLPAO.txt (text/plain) in CBT.V508.FILE300.PDS, moved to PDS/DLPAO
2025-04-15 01:18:35.706581 - Found DLVLDSS.txt (text/plain) in CBT.V508.FILE300.PDS, moved to PDS/DLVLDSS
2025-04-15 01:18:35.706756 - Found DLVLDSS$.jcl (text/plain) in CBT.V508.FILE300.PDS, moved to PDS/DLVLDSS$
2025-04-15 01:18:35.707070 - Found DLVLDSSO.txt (text/plain) in CBT.V508.FILE300.PDS, moved to PDS/DLVLDSSO
2025-04-15 01:18:35.707413 - Found DLXAUTHC.txt (text/plain) in CBT.V508.FILE300.PDS, moved to PDS/DLXAUTHC
2025-04-15 01:18:35.708099 - Found DOPROG.txt (text/plain) in CBT.V508.FILE300.PDS, moved to PDS/DOPROG
2025-04-15 01:18:35.708444 - Found DOPROG$.txt (text/plain) in CBT.V508.FILE300.PDS, moved to PDS/DOPROG$
2025-04-15 01:18:35.708778 - Found DOPROG#.txt (text/plain) in CBT.V508.FILE300.PDS, moved to PDS/DOPROG#
2025-04-15 01:18:35.709130 - Found DOPROGL.txt (text/plain) in CBT.V508.FILE300.PDS, moved to PDS/DOPROGL
2025-04-15 01:18:35.709445 - Found DOPROGL#.txt (text/plain) in CBT.V508.FILE300.PDS, moved to PDS/DOPROGL#
2025-04-15 01:18:35.710061 - Found DSMF.txt (text/plain) in CBT.V508.FILE300.PDS, moved to PDS/DSMF
2025-04-15 01:18:35.710398 - Found DSMF$.jcl (text/plain) in CBT.V508.FILE300.PDS, moved to PDS/DSMF$
2025-04-15 01:18:35.710628 - Found DSMFOLD.txt (text/plain) in CBT.V508.FILE300.PDS, moved to PDS/DSMFOLD
2025-04-15 01:18:35.710958 - Found DSMF01.txt (text/plain) in CBT.V508.FILE300.PDS, moved to PDS/DSMF01
2025-04-15 01:18:35.711572 - Found DSMF02.txt (text/plain) in CBT.V508.FILE300.PDS, moved to PDS/DSMF02
2025-04-15 01:18:35.711897 - Found DSNCHE$O.txt (text/plain) in CBT.V508.FILE300.PDS, moved to PDS/DSNCHE$O
2025-04-15 01:18:35.712213 - Found DSNCHE##.txt (text/plain) in CBT.V508.FILE300.PDS, moved to PDS/DSNCHE##
2025-04-15 01:18:35.712370 - Found DSNCHEC$.jcl (text/plain) in CBT.V508.FILE300.PDS, moved to PDS/DSNCHEC$
2025-04-15 01:18:35.712553 - Found DSNCHEC#.txt (text/plain) in CBT.V508.FILE300.PDS, moved to PDS/DSNCHEC#
2025-04-15 01:18:35.713068 - Found DSNCHECK.txt (text/plain) in CBT.V508.FILE300.PDS, moved to PDS/DSNCHECK
2025-04-15 01:18:35.713631 - Found DSNCHECO.txt (text/plain) in CBT.V508.FILE300.PDS, moved to PDS/DSNCHECO
2025-04-15 01:18:35.714201 - Found DSPRIN.txt (text/plain) in CBT.V508.FILE300.PDS, moved to PDS/DSPRIN
2025-04-15 01:18:35.714512 - Found DSPRIN$.txt (text/plain) in CBT.V508.FILE300.PDS, moved to PDS/DSPRIN$
2025-04-15 01:18:35.715170 - Found DSPRINT.txt (text/plain) in CBT.V508.FILE300.PDS, moved to PDS/DSPRINT
2025-04-15 01:18:35.715487 - Found DSPRINT#.txt (text/plain) in CBT.V508.FILE300.PDS, moved to PDS/DSPRINT#
2025-04-15 01:18:35.716137 - Found DSVC.txt (text/plain) in CBT.V508.FILE300.PDS, moved to PDS/DSVC
2025-04-15 01:18:35.716440 - Found DSVC$.jcl (text/plain) in CBT.V508.FILE300.PDS, moved to PDS/DSVC$
2025-04-15 01:18:35.716758 - Found DSVC#.txt (text/plain) in CBT.V508.FILE300.PDS, moved to PDS/DSVC#
2025-04-15 01:18:35.717418 - Found DSVCOLD.txt (text/plain) in CBT.V508.FILE300.PDS, moved to PDS/DSVCOLD
2025-04-15 01:18:35.717995 - Found DTOD.jcl (text/plain) in CBT.V508.FILE300.PDS, moved to PDS/DTOD
2025-04-15 01:18:35.718676 - Found DUDASD.txt (text/plain) in CBT.V508.FILE300.PDS, moved to PDS/DUDASD
2025-04-15 01:18:35.719017 - Found DUDASD$.txt (text/plain) in CBT.V508.FILE300.PDS, moved to PDS/DUDASD$
2025-04-15 01:18:35.719333 - Found DUDASD#.txt (text/plain) in CBT.V508.FILE300.PDS, moved to PDS/DUDASD#
2025-04-15 01:18:35.719640 - Found DUDASDR.txt (text/plain) in CBT.V508.FILE300.PDS, moved to PDS/DUDASDR
2025-04-15 01:18:35.719956 - Found DUDASDR$.txt (text/plain) in CBT.V508.FILE300.PDS, moved to PDS/DUDASDR$
2025-04-15 01:18:35.720277 - Found DUDASDR#.txt (text/plain) in CBT.V508.FILE300.PDS, moved to PDS/DUDASDR#
2025-04-15 01:18:35.720964 - Found DUSER.txt (text/plain) in CBT.V508.FILE300.PDS, moved to PDS/DUSER
2025-04-15 01:18:35.721296 - Found DUSER$.jcl (text/plain) in CBT.V508.FILE300.PDS, moved to PDS/DUSER$
2025-04-15 01:18:35.721658 - Found DUSER#.txt (text/plain) in CBT.V508.FILE300.PDS, moved to PDS/DUSER#
2025-04-15 01:18:35.722203 - Found DUSER00.txt (text/plain) in CBT.V508.FILE300.PDS, moved to PDS/DUSER00
2025-04-15 01:18:35.722824 - Found DUSER01.txt (text/plain) in CBT.V508.FILE300.PDS, moved to PDS/DUSER01
2025-04-15 01:18:35.723180 - Found DUTAPE.txt (text/plain) in CBT.V508.FILE300.PDS, moved to PDS/DUTAPE
2025-04-15 01:18:35.723497 - Found DUTAPE$.txt (text/plain) in CBT.V508.FILE300.PDS, moved to PDS/DUTAPE$
2025-04-15 01:18:35.723816 - Found DUTAPE#.txt (text/plain) in CBT.V508.FILE300.PDS, moved to PDS/DUTAPE#
2025-04-15 01:18:35.724439 - Found DYNALC.txt (text/plain) in CBT.V508.FILE300.PDS, moved to PDS/DYNALC
2025-04-15 01:18:35.724759 - Found ECHOHEX.txt (text/plain) in CBT.V508.FILE300.PDS, moved to PDS/ECHOHEX
2025-04-15 01:18:35.725073 - Found ECHOHEX$.txt (text/plain) in CBT.V508.FILE300.PDS, moved to PDS/ECHOHEX$
2025-04-15 01:18:35.725384 - Found ECHOHEX#.txt (text/plain) in CBT.V508.FILE300.PDS, moved to PDS/ECHOHEX#
2025-04-15 01:18:35.725974 - Found EDAIR30.txt (text/plain) in CBT.V508.FILE300.PDS, moved to PDS/EDAIR30
2025-04-15 01:18:35.726298 - Found EKKO.txt (text/plain) in CBT.V508.FILE300.PDS, moved to PDS/EKKO
2025-04-15 01:18:35.726469 - Found EKKO$.jcl (text/plain) in CBT.V508.FILE300.PDS, moved to PDS/EKKO$
2025-04-15 01:18:35.727011 - Found EMPTY.txt (text/plain) in CBT.V508.FILE300.PDS, moved to PDS/EMPTY
2025-04-15 01:18:35.727184 - Found EMPTY$.txt (text/plain) in CBT.V508.FILE300.PDS, moved to PDS/EMPTY$
2025-04-15 01:18:35.727351 - Found EMPTY#.txt (text/plain) in CBT.V508.FILE300.PDS, moved to PDS/EMPTY#
2025-04-15 01:18:35.727933 - Found ERROR#.txt (text/plain) in CBT.V508.FILE300.PDS, moved to PDS/ERROR#
2025-04-15 01:18:35.728239 - Found FINDFIL$.jcl (text/plain) in CBT.V508.FILE300.PDS, moved to PDS/FINDFIL$
2025-04-15 01:18:35.728554 - Found FINDFIL#.txt (text/plain) in CBT.V508.FILE300.PDS, moved to PDS/FINDFIL#
2025-04-15 01:18:35.729102 - Found FINDFILE.txt (text/plain) in CBT.V508.FILE300.PDS, moved to PDS/FINDFILE
2025-04-15 01:18:35.729723 - Found FINDFI01.txt (text/plain) in CBT.V508.FILE300.PDS, moved to PDS/FINDFI01
2025-04-15 01:18:35.730416 - Found FORTP.txt (text/plain) in CBT.V508.FILE300.PDS, moved to PDS/FORTP
2025-04-15 01:18:35.730722 - Found FORTP$.txt (text/plain) in CBT.V508.FILE300.PDS, moved to PDS/FORTP$
2025-04-15 01:18:35.731022 - Found FORTP#.txt (text/plain) in CBT.V508.FILE300.PDS, moved to PDS/FORTP#
2025-04-15 01:18:35.731890 - Found FORTX.txt (text/plain) in CBT.V508.FILE300.PDS, moved to PDS/FORTX
2025-04-15 01:18:35.732184 - Found FORTX$.txt (text/plain) in CBT.V508.FILE300.PDS, moved to PDS/FORTX$
2025-04-15 01:18:35.732490 - Found FORTX#.txt (text/plain) in CBT.V508.FILE300.PDS, moved to PDS/FORTX#
2025-04-15 01:18:35.732677 - Found FORTXLD2.txt (text/plain) in CBT.V508.FILE300.PDS, moved to PDS/FORTXLD2
2025-04-15 01:18:35.732953 - Found FREEALL.txt (text/plain) in CBT.V508.FILE300.PDS, moved to PDS/FREEALL
2025-04-15 01:18:35.733112 - Found FREEALL$.txt (text/plain) in CBT.V508.FILE300.PDS, moved to PDS/FREEALL$
2025-04-15 01:18:35.733271 - Found FREEALL#.txt (text/plain) in CBT.V508.FILE300.PDS, moved to PDS/FREEALL#
2025-04-15 01:18:35.733748 - Found GDDM.txt (text/plain) in CBT.V508.FILE300.PDS, moved to PDS/GDDM
2025-04-15 01:18:35.734056 - Found GFREEA##.txt (text/plain) in CBT.V508.FILE300.PDS, moved to PDS/GFREEA##
2025-04-15 01:18:35.734208 - Found GFREEAL$.txt (text/plain) in CBT.V508.FILE300.PDS, moved to PDS/GFREEAL$
2025-04-15 01:18:35.734380 - Found GFREEAL#.txt (text/plain) in CBT.V508.FILE300.PDS, moved to PDS/GFREEAL#
2025-04-15 01:18:35.734832 - Found GFREEALL.txt (text/plain) in CBT.V508.FILE300.PDS, moved to PDS/GFREEALL
2025-04-15 01:18:35.735130 - Found GSTREA##.txt (text/plain) in CBT.V508.FILE300.PDS, moved to PDS/GSTREA##
2025-04-15 01:18:35.735609 - Found GSTREAM.txt (text/plain) in CBT.V508.FILE300.PDS, moved to PDS/GSTREAM
2025-04-15 01:18:35.735901 - Found GSTREAM$.txt (text/plain) in CBT.V508.FILE300.PDS, moved to PDS/GSTREAM$
2025-04-15 01:18:35.736198 - Found GSTREAM#.txt (text/plain) in CBT.V508.FILE300.PDS, moved to PDS/GSTREAM#
2025-04-15 01:18:35.736981 - Found GTEMACS.txt (text/plain) in CBT.V508.FILE300.PDS, moved to PDS/GTEMACS
2025-04-15 01:18:35.737638 - Found GTEMACSO.txt (text/plain) in CBT.V508.FILE300.PDS, moved to PDS/GTEMACSO
2025-04-15 01:18:35.737984 - Found HLASM.txt (text/plain) in CBT.V508.FILE300.PDS, moved to PDS/HLASM
2025-04-15 01:18:35.738299 - Found HLASM$.txt (text/plain) in CBT.V508.FILE300.PDS, moved to PDS/HLASM$
2025-04-15 01:18:35.738640 - Found HLASM#.txt (text/plain) in CBT.V508.FILE300.PDS, moved to PDS/HLASM#
2025-04-15 01:18:35.738946 - Found IKJCT44$.txt (text/plain) in CBT.V508.FILE300.PDS, moved to PDS/IKJCT44$
2025-04-15 01:18:35.739275 - Found IKJCT44B.txt (text/plain) in CBT.V508.FILE300.PDS, moved to PDS/IKJCT44B
2025-04-15 01:18:35.739646 - Found IKJEBMA9.txt (text/plain) in CBT.V508.FILE300.PDS, moved to PDS/IKJEBMA9
2025-04-15 01:18:35.740236 - Found IKJEFF10.txt (text/plain) in CBT.V508.FILE300.PDS, moved to PDS/IKJEFF10
2025-04-15 01:18:35.740841 - Found IKJEFF53.txt (text/plain) in CBT.V508.FILE300.PDS, moved to PDS/IKJEFF53
2025-04-15 01:18:35.741181 - Found IKJEFTE2.txt (text/plain) in CBT.V508.FILE300.PDS, moved to PDS/IKJEFTE2
2025-04-15 01:18:35.741517 - Found IKJEFTE8.txt (text/plain) in CBT.V508.FILE300.PDS, moved to PDS/IKJEFTE8
2025-04-15 01:18:35.741859 - Found IKJE9CL.txt (text/plain) in CBT.V508.FILE300.PDS, moved to PDS/IKJE9CL
2025-04-15 01:18:35.742029 - Found IKJE9CL$.txt (text/plain) in CBT.V508.FILE300.PDS, moved to PDS/IKJE9CL$
2025-04-15 01:18:35.742196 - Found IKJE9CL#.txt (text/plain) in CBT.V508.FILE300.PDS, moved to PDS/IKJE9CL#
2025-04-15 01:18:35.742547 - Found IKJE9CT.txt (text/plain) in CBT.V508.FILE300.PDS, moved to PDS/IKJE9CT
2025-04-15 01:18:35.742862 - Found IKJE9CT$.txt (text/plain) in CBT.V508.FILE300.PDS, moved to PDS/IKJE9CT$
2025-04-15 01:18:35.743186 - Found IKJE9CT#.txt (text/plain) in CBT.V508.FILE300.PDS, moved to PDS/IKJE9CT#
2025-04-15 01:18:35.744881 - Found IKJE9CX.txt (text/plain) in CBT.V508.FILE300.PDS, moved to PDS/IKJE9CX
2025-04-15 01:18:35.745207 - Found IKJE9CX$.txt (text/plain) in CBT.V508.FILE300.PDS, moved to PDS/IKJE9CX$
2025-04-15 01:18:35.745530 - Found IKJE9CX#.txt (text/plain) in CBT.V508.FILE300.PDS, moved to PDS/IKJE9CX#
2025-04-15 01:18:35.746198 - Found IKJE9DU.txt (text/plain) in CBT.V508.FILE300.PDS, moved to PDS/IKJE9DU
2025-04-15 01:18:35.746517 - Found IKJE9DU$.txt (text/plain) in CBT.V508.FILE300.PDS, moved to PDS/IKJE9DU$
2025-04-15 01:18:35.746832 - Found IKJE9DU#.txt (text/plain) in CBT.V508.FILE300.PDS, moved to PDS/IKJE9DU#
2025-04-15 01:18:35.747472 - Found IKJE9FX.txt (text/plain) in CBT.V508.FILE300.PDS, moved to PDS/IKJE9FX
2025-04-15 01:18:35.747792 - Found IKJE9FX$.txt (text/plain) in CBT.V508.FILE300.PDS, moved to PDS/IKJE9FX$
2025-04-15 01:18:35.748109 - Found IKJE9FX#.txt (text/plain) in CBT.V508.FILE300.PDS, moved to PDS/IKJE9FX#
2025-04-15 01:18:35.748441 - Found IKJE9LT.txt (text/plain) in CBT.V508.FILE300.PDS, moved to PDS/IKJE9LT
2025-04-15 01:18:35.748764 - Found IKJE9LT$.txt (text/plain) in CBT.V508.FILE300.PDS, moved to PDS/IKJE9LT$
2025-04-15 01:18:35.749083 - Found IKJE9LT#.txt (text/plain) in CBT.V508.FILE300.PDS, moved to PDS/IKJE9LT#
2025-04-15 01:18:35.749787 - Found IKJE9LX.txt (text/plain) in CBT.V508.FILE300.PDS, moved to PDS/IKJE9LX
2025-04-15 01:18:35.750103 - Found IKJE9LX$.txt (text/plain) in CBT.V508.FILE300.PDS, moved to PDS/IKJE9LX$
2025-04-15 01:18:35.750455 - Found IKJE9LX#.txt (text/plain) in CBT.V508.FILE300.PDS, moved to PDS/IKJE9LX#
2025-04-15 01:18:35.750794 - Found IKJE9NA.txt (text/plain) in CBT.V508.FILE300.PDS, moved to PDS/IKJE9NA
2025-04-15 01:18:35.751118 - Found IKJE9NA$.txt (text/plain) in CBT.V508.FILE300.PDS, moved to PDS/IKJE9NA$
2025-04-15 01:18:35.751437 - Found IKJE9NA#.txt (text/plain) in CBT.V508.FILE300.PDS, moved to PDS/IKJE9NA#
2025-04-15 01:18:35.752209 - Found IKJE9OF.txt (text/plain) in CBT.V508.FILE300.PDS, moved to PDS/IKJE9OF
2025-04-15 01:18:35.752524 - Found IKJE9OF$.txt (text/plain) in CBT.V508.FILE300.PDS, moved to PDS/IKJE9OF$
2025-04-15 01:18:35.752868 - Found IKJE9OF#.txt (text/plain) in CBT.V508.FILE300.PDS, moved to PDS/IKJE9OF#
2025-04-15 01:18:35.753573 - Found IKJE9PT.txt (text/plain) in CBT.V508.FILE300.PDS, moved to PDS/IKJE9PT
2025-04-15 01:18:35.753912 - Found IKJE9PT$.txt (text/plain) in CBT.V508.FILE300.PDS, moved to PDS/IKJE9PT$
2025-04-15 01:18:35.754254 - Found IKJE9PT#.txt (text/plain) in CBT.V508.FILE300.PDS, moved to PDS/IKJE9PT#
2025-04-15 01:18:35.754947 - Found IKJE9SE.txt (text/plain) in CBT.V508.FILE300.PDS, moved to PDS/IKJE9SE
2025-04-15 01:18:35.755307 - Found IKJE9SE$.txt (text/plain) in CBT.V508.FILE300.PDS, moved to PDS/IKJE9SE$
2025-04-15 01:18:35.755672 - Found IKJE9SE#.txt (text/plain) in CBT.V508.FILE300.PDS, moved to PDS/IKJE9SE#
2025-04-15 01:18:35.756532 - Found IKJE9SP.txt (text/plain) in CBT.V508.FILE300.PDS, moved to PDS/IKJE9SP
2025-04-15 01:18:35.756869 - Found IKJE9SP$.txt (text/plain) in CBT.V508.FILE300.PDS, moved to PDS/IKJE9SP$
2025-04-15 01:18:35.757217 - Found IKJE9SP#.txt (text/plain) in CBT.V508.FILE300.PDS, moved to PDS/IKJE9SP#
2025-04-15 01:18:35.758398 - Found IKJE9SS.txt (text/plain) in CBT.V508.FILE300.PDS, moved to PDS/IKJE9SS
2025-04-15 01:18:35.758720 - Found IKJE9SS$.txt (text/plain) in CBT.V508.FILE300.PDS, moved to PDS/IKJE9SS$
2025-04-15 01:18:35.759069 - Found IKJE9SS#.txt (text/plain) in CBT.V508.FILE300.PDS, moved to PDS/IKJE9SS#
2025-04-15 01:18:35.759389 - Found IKJT9$.txt (text/plain) in CBT.V508.FILE300.PDS, moved to PDS/IKJT9$
2025-04-15 01:18:35.760013 - Found IKJT9FI.txt (text/plain) in CBT.V508.FILE300.PDS, moved to PDS/IKJT9FI
2025-04-15 01:18:35.760194 - Found IKJT9FI$.txt (text/plain) in CBT.V508.FILE300.PDS, moved to PDS/IKJT9FI$
2025-04-15 01:18:35.760927 - Found IKJT9FIZ.txt (text/plain) in CBT.V508.FILE300.PDS, moved to PDS/IKJT9FIZ
2025-04-15 01:18:35.761574 - Found IKJT9LB.txt (text/plain) in CBT.V508.FILE300.PDS, moved to PDS/IKJT9LB
2025-04-15 01:18:35.761754 - Found IKJT9LB$.txt (text/plain) in CBT.V508.FILE300.PDS, moved to PDS/IKJT9LB$
2025-04-15 01:18:35.762193 - Found IKJT9LBZ.txt (text/plain) in CBT.V508.FILE300.PDS, moved to PDS/IKJT9LBZ
2025-04-15 01:18:35.762587 - Found IKJT9LGZ.txt (text/plain) in CBT.V508.FILE300.PDS, moved to PDS/IKJT9LGZ
2025-04-15 01:18:35.763344 - Found IKJT9LI.txt (text/plain) in CBT.V508.FILE300.PDS, moved to PDS/IKJT9LI
2025-04-15 01:18:35.763534 - Found IKJT9LI$.txt (text/plain) in CBT.V508.FILE300.PDS, moved to PDS/IKJT9LI$
2025-04-15 01:18:35.764264 - Found IKJT9MAC.txt (text/plain) in CBT.V508.FILE300.PDS, moved to PDS/IKJT9MAC
2025-04-15 01:18:35.764450 - Found IKJT9Z$$.jcl (text/plain) in CBT.V508.FILE300.PDS, moved to PDS/IKJT9Z$$
2025-04-15 01:18:35.764767 - Found ILRBIRD.txt (text/plain) in CBT.V508.FILE300.PDS, moved to PDS/ILRBIRD
2025-04-15 01:18:35.764938 - Found ILRBIRD$.txt (text/plain) in CBT.V508.FILE300.PDS, moved to PDS/ILRBIRD$
2025-04-15 01:18:35.765321 - Found INFOSYS.txt (text/plain) in CBT.V508.FILE300.PDS, moved to PDS/INFOSYS
2025-04-15 01:18:35.765487 - Found INFOSYS$.txt (text/plain) in CBT.V508.FILE300.PDS, moved to PDS/INFOSYS$
2025-04-15 01:18:35.765678 - Found INFOSYS#.txt (text/plain) in CBT.V508.FILE300.PDS, moved to PDS/INFOSYS#
2025-04-15 01:18:35.765854 - Found INMXPAR$.txt (text/plain) in CBT.V508.FILE300.PDS, moved to PDS/INMXPAR$
2025-04-15 01:18:35.766027 - Found INMXPARM.txt (text/plain) in CBT.V508.FILE300.PDS, moved to PDS/INMXPARM
2025-04-15 01:18:35.766306 - Found INMXZ02.txt (text/plain) in CBT.V508.FILE300.PDS, moved to PDS/INMXZ02
2025-04-15 01:18:35.766541 - Found INMXZ02$.txt (text/plain) in CBT.V508.FILE300.PDS, moved to PDS/INMXZ02$
2025-04-15 01:18:35.766785 - Found INSTREA$.txt (text/plain) in CBT.V508.FILE300.PDS, moved to PDS/INSTREA$
2025-04-15 01:18:35.766975 - Found INSTREA#.txt (text/plain) in CBT.V508.FILE300.PDS, moved to PDS/INSTREA#
2025-04-15 01:18:35.767617 - Found INSTREAM.txt (text/plain) in CBT.V508.FILE300.PDS, moved to PDS/INSTREAM
2025-04-15 01:18:35.768280 - Found IO.txt (text/plain) in CBT.V508.FILE300.PDS, moved to PDS/IO
2025-04-15 01:18:35.768608 - Found IO$.jcl (text/plain) in CBT.V508.FILE300.PDS, moved to PDS/IO$
2025-04-15 01:18:35.768928 - Found IO#.txt (text/plain) in CBT.V508.FILE300.PDS, moved to PDS/IO#
2025-04-15 01:18:35.769229 - Found IO@.txt (text/plain) in CBT.V508.FILE300.PDS, moved to PDS/IO@
2025-04-15 01:18:35.769572 - Found IOOLD.txt (text/plain) in CBT.V508.FILE300.PDS, moved to PDS/IOOLD
2025-04-15 01:18:35.769830 - Found IO01.txt (text/plain) in CBT.V508.FILE300.PDS, moved to PDS/IO01
2025-04-15 01:18:35.770466 - Found IO02.txt (text/plain) in CBT.V508.FILE300.PDS, moved to PDS/IO02
2025-04-15 01:18:35.770884 - Found IO03.txt (text/plain) in CBT.V508.FILE300.PDS, moved to PDS/IO03
2025-04-15 01:18:35.771573 - Found JCLSCAN.txt (text/plain) in CBT.V508.FILE300.PDS, moved to PDS/JCLSCAN
2025-04-15 01:18:35.771767 - Found JCLSCAN$.txt (text/plain) in CBT.V508.FILE300.PDS, moved to PDS/JCLSCAN$
2025-04-15 01:18:35.771941 - Found JCLSCAN#.txt (text/plain) in CBT.V508.FILE300.PDS, moved to PDS/JCLSCAN#
2025-04-15 01:18:35.772718 - Found JCLSC23F.txt (text/plain) in CBT.V508.FILE300.PDS, moved to PDS/JCLSC23F
2025-04-15 01:18:35.773400 - Found JULIAN.txt (text/plain) in CBT.V508.FILE300.PDS, moved to PDS/JULIAN
2025-04-15 01:18:35.773599 - Found JULIAN$.txt (text/plain) in CBT.V508.FILE300.PDS, moved to PDS/JULIAN$
2025-04-15 01:18:35.773771 - Found JULIAN#.txt (text/plain) in CBT.V508.FILE300.PDS, moved to PDS/JULIAN#
2025-04-15 01:18:35.773937 - Found JULIAN@.txt (text/plain) in CBT.V508.FILE300.PDS, moved to PDS/JULIAN@
2025-04-15 01:18:35.774387 - Found JULIANG.txt (text/plain) in CBT.V508.FILE300.PDS, moved to PDS/JULIANG
2025-04-15 01:18:35.774961 - Found JULIANM.txt (text/plain) in CBT.V508.FILE300.PDS, moved to PDS/JULIANM
2025-04-15 01:18:35.775137 - Found JULIANM$.txt (text/plain) in CBT.V508.FILE300.PDS, moved to PDS/JULIANM$
2025-04-15 01:18:35.775317 - Found JULIANM#.txt (text/plain) in CBT.V508.FILE300.PDS, moved to PDS/JULIANM#
2025-04-15 01:18:35.775858 - Found JULIANO.txt (text/plain) in CBT.V508.FILE300.PDS, moved to PDS/JULIANO
2025-04-15 01:18:35.776061 - Found JULIANO$.txt (text/plain) in CBT.V508.FILE300.PDS, moved to PDS/JULIANO$
2025-04-15 01:18:35.776241 - Found JULIANO#.txt (text/plain) in CBT.V508.FILE300.PDS, moved to PDS/JULIANO#
2025-04-15 01:18:35.776662 - Found KOMM.txt (text/plain) in CBT.V508.FILE300.PDS, moved to PDS/KOMM
2025-04-15 01:18:35.776866 - Found KOMM#.txt (text/plain) in CBT.V508.FILE300.PDS, moved to PDS/KOMM#
2025-04-15 01:18:35.777048 - Found LASTCC#.txt (text/plain) in CBT.V508.FILE300.PDS, moved to PDS/LASTCC#
2025-04-15 01:18:35.777474 - Found LASTIPL.txt (text/plain) in CBT.V508.FILE300.PDS, moved to PDS/LASTIPL
2025-04-15 01:18:35.777656 - Found LASTIPL$.txt (text/plain) in CBT.V508.FILE300.PDS, moved to PDS/LASTIPL$
2025-04-15 01:18:35.777853 - Found LASTIPL#.txt (text/plain) in CBT.V508.FILE300.PDS, moved to PDS/LASTIPL#
2025-04-15 01:18:35.778063 - Found LIBCAL##.txt (text/plain) in CBT.V508.FILE300.PDS, moved to PDS/LIBCAL##
2025-04-15 01:18:35.778605 - Found LIBCALL.txt (text/plain) in CBT.V508.FILE300.PDS, moved to PDS/LIBCALL
2025-04-15 01:18:35.778793 - Found LIBCALL$.txt (text/plain) in CBT.V508.FILE300.PDS, moved to PDS/LIBCALL$
2025-04-15 01:18:35.779118 - Found LIBCALL#.txt (text/plain) in CBT.V508.FILE300.PDS, moved to PDS/LIBCALL#
2025-04-15 01:18:35.779764 - Found LISTAX.txt (text/plain) in CBT.V508.FILE300.PDS, moved to PDS/LISTAX
2025-04-15 01:18:35.779957 - Found LISTAX$.jcl (text/plain) in CBT.V508.FILE300.PDS, moved to PDS/LISTAX$
2025-04-15 01:18:35.780132 - Found LISTAX#.txt (text/plain) in CBT.V508.FILE300.PDS, moved to PDS/LISTAX#
2025-04-15 01:18:35.780330 - Found LISTAXO.txt (text/plain) in CBT.V508.FILE300.PDS, moved to PDS/LISTAXO
2025-04-15 01:18:35.780908 - Found LISTCDS.txt (text/plain) in CBT.V508.FILE300.PDS, moved to PDS/LISTCDS
2025-04-15 01:18:35.781231 - Found LISTCDS$.txt (text/plain) in CBT.V508.FILE300.PDS, moved to PDS/LISTCDS$
2025-04-15 01:18:35.781410 - Found LISTCDS#.txt (text/plain) in CBT.V508.FILE300.PDS, moved to PDS/LISTCDS#
2025-04-15 01:18:35.782058 - Found LISTLPA.txt (text/plain) in CBT.V508.FILE300.PDS, moved to PDS/LISTLPA
2025-04-15 01:18:35.782261 - Found LISTLPA$.jcl (text/plain) in CBT.V508.FILE300.PDS, moved to PDS/LISTLPA$
2025-04-15 01:18:35.782441 - Found LISTLPA#.txt (text/plain) in CBT.V508.FILE300.PDS, moved to PDS/LISTLPA#
2025-04-15 01:18:35.782776 - Found LISTLPAO.txt (text/plain) in CBT.V508.FILE300.PDS, moved to PDS/LISTLPAO
2025-04-15 01:18:35.783235 - Found LISTLPA1.txt (text/plain) in CBT.V508.FILE300.PDS, moved to PDS/LISTLPA1
2025-04-15 01:18:35.783943 - Found LISTMOD.txt (text/plain) in CBT.V508.FILE300.PDS, moved to PDS/LISTMOD
2025-04-15 01:18:35.784257 - Found LISTMOD$.jcl (text/plain) in CBT.V508.FILE300.PDS, moved to PDS/LISTMOD$
2025-04-15 01:18:35.784589 - Found LISTMOD#.txt (text/plain) in CBT.V508.FILE300.PDS, moved to PDS/LISTMOD#
2025-04-15 01:18:35.784926 - Found LISTMODJ.jcl (text/plain) in CBT.V508.FILE300.PDS, moved to PDS/LISTMODJ
2025-04-15 01:18:35.785511 - Found LISTSPC.txt (text/plain) in CBT.V508.FILE300.PDS, moved to PDS/LISTSPC
2025-04-15 01:18:35.785832 - Found LISTSPC$.txt (text/plain) in CBT.V508.FILE300.PDS, moved to PDS/LISTSPC$
2025-04-15 01:18:35.786157 - Found LISTSPC#.txt (text/plain) in CBT.V508.FILE300.PDS, moved to PDS/LISTSPC#
2025-04-15 01:18:35.786485 - Found LISTSU.txt (text/plain) in CBT.V508.FILE300.PDS, moved to PDS/LISTSU
2025-04-15 01:18:35.786802 - Found LISTSU$.txt (text/plain) in CBT.V508.FILE300.PDS, moved to PDS/LISTSU$
2025-04-15 01:18:35.787158 - Found LISTSU#.txt (text/plain) in CBT.V508.FILE300.PDS, moved to PDS/LISTSU#
2025-04-15 01:18:35.787522 - Found LISTVTO$.txt (text/plain) in CBT.V508.FILE300.PDS, moved to PDS/LISTVTO$
2025-04-15 01:18:35.787890 - Found LISTVTO#.txt (text/plain) in CBT.V508.FILE300.PDS, moved to PDS/LISTVTO#
2025-04-15 01:18:35.788511 - Found LISTVTOC.txt (text/plain) in CBT.V508.FILE300.PDS, moved to PDS/LISTVTOC
2025-04-15 01:18:35.789250 - Found LISTVTOO.txt (text/plain) in CBT.V508.FILE300.PDS, moved to PDS/LISTVTOO
2025-04-15 01:18:35.790045 - Found LM.txt (text/plain) in CBT.V508.FILE300.PDS, moved to PDS/LM
2025-04-15 01:18:35.790303 - Found LM$.jcl (text/plain) in CBT.V508.FILE300.PDS, moved to PDS/LM$
2025-04-15 01:18:35.790539 - Found LM#.txt (text/plain) in CBT.V508.FILE300.PDS, moved to PDS/LM#
2025-04-15 01:18:35.791259 - Found LOGOBSC.txt (text/plain) in CBT.V508.FILE300.PDS, moved to PDS/LOGOBSC
2025-04-15 01:18:35.791972 - Found LOGOSNA.txt (text/plain) in CBT.V508.FILE300.PDS, moved to PDS/LOGOSNA
2025-04-15 01:18:35.792649 - Found LOGTIME.txt (text/plain) in CBT.V508.FILE300.PDS, moved to PDS/LOGTIME
2025-04-15 01:18:35.793041 - Found LOGTIME$.jcl (text/plain) in CBT.V508.FILE300.PDS, moved to PDS/LOGTIME$
2025-04-15 01:18:35.793836 - Found LPSCB.txt (text/plain) in CBT.V508.FILE300.PDS, moved to PDS/LPSCB
2025-04-15 01:18:35.794208 - Found LPSCB$.jcl (text/plain) in CBT.V508.FILE300.PDS, moved to PDS/LPSCB$
2025-04-15 01:18:35.794415 - Found LPSCB#.txt (text/plain) in CBT.V508.FILE300.PDS, moved to PDS/LPSCB#
2025-04-15 01:18:35.795036 - Found LPSCB01.txt (text/plain) in CBT.V508.FILE300.PDS, moved to PDS/LPSCB01
2025-04-15 01:18:35.795719 - Found LPSCB02.txt (text/plain) in CBT.V508.FILE300.PDS, moved to PDS/LPSCB02
2025-04-15 01:18:35.796442 - Found LPSCB03.txt (text/plain) in CBT.V508.FILE300.PDS, moved to PDS/LPSCB03
2025-04-15 01:18:35.797310 - Found MACROS.txt (text/plain) in CBT.V508.FILE300.PDS, moved to PDS/MACROS
2025-04-15 01:18:35.798141 - Found MEMBER.txt (text/plain) in CBT.V508.FILE300.PDS, moved to PDS/MEMBER
2025-04-15 01:18:35.798333 - Found MEMBER$.jcl (text/plain) in CBT.V508.FILE300.PDS, moved to PDS/MEMBER$
2025-04-15 01:18:35.798514 - Found MEMBER#.txt (text/plain) in CBT.V508.FILE300.PDS, moved to PDS/MEMBER#
2025-04-15 01:18:35.799472 - Found MEMBER00.txt (text/plain) in CBT.V508.FILE300.PDS, moved to PDS/MEMBER00
2025-04-15 01:18:35.800450 - Found MURPHY.txt (text/plain) in CBT.V508.FILE300.PDS, moved to PDS/MURPHY
2025-04-15 01:18:35.800765 - Found MURPHY$.txt (text/plain) in CBT.V508.FILE300.PDS, moved to PDS/MURPHY$
2025-04-15 01:18:35.801089 - Found MURPHY#.txt (text/plain) in CBT.V508.FILE300.PDS, moved to PDS/MURPHY#
2025-04-15 01:18:35.802096 - Found MURPHYA.txt (text/plain) in CBT.V508.FILE300.PDS, moved to PDS/MURPHYA
2025-04-15 01:18:35.803128 - Found MURPHYO.txt (text/plain) in CBT.V508.FILE300.PDS, moved to PDS/MURPHYO
2025-04-15 01:18:35.803472 - Found NEWSPA##.txt (text/plain) in CBT.V508.FILE300.PDS, moved to PDS/NEWSPA##
2025-04-15 01:18:35.803645 - Found NEWSPAC$.txt (text/plain) in CBT.V508.FILE300.PDS, moved to PDS/NEWSPAC$
2025-04-15 01:18:35.803847 - Found NEWSPAC#.txt (text/plain) in CBT.V508.FILE300.PDS, moved to PDS/NEWSPAC#
2025-04-15 01:18:35.804410 - Found NEWSPACE.txt (text/plain) in CBT.V508.FILE300.PDS, moved to PDS/NEWSPACE
2025-04-15 01:18:35.805010 - Found NUMBARS.txt (text/plain) in CBT.V508.FILE300.PDS, moved to PDS/NUMBARS
2025-04-15 01:18:35.805332 - Found NUMBARS$.txt (text/plain) in CBT.V508.FILE300.PDS, moved to PDS/NUMBARS$
2025-04-15 01:18:35.805630 - Found NUMBARS#.txt (text/plain) in CBT.V508.FILE300.PDS, moved to PDS/NUMBARS#
2025-04-15 01:18:35.806234 - Found OPERA.txt (text/plain) in CBT.V508.FILE300.PDS, moved to PDS/OPERA
2025-04-15 01:18:35.806535 - Found OPERA$.jcl (text/plain) in CBT.V508.FILE300.PDS, moved to PDS/OPERA$
2025-04-15 01:18:35.806835 - Found OPERA#.txt (text/plain) in CBT.V508.FILE300.PDS, moved to PDS/OPERA#
2025-04-15 01:18:35.807405 - Found OPERA00.txt (text/plain) in CBT.V508.FILE300.PDS, moved to PDS/OPERA00
2025-04-15 01:18:35.807702 - Found OUTPRIN$.jcl (text/plain) in CBT.V508.FILE300.PDS, moved to PDS/OUTPRIN$
2025-04-15 01:18:35.808012 - Found OUTPRIN#.txt (text/plain) in CBT.V508.FILE300.PDS, moved to PDS/OUTPRIN#
2025-04-15 01:18:35.808555 - Found OUTPRINT.txt (text/plain) in CBT.V508.FILE300.PDS, moved to PDS/OUTPRINT
2025-04-15 01:18:35.809170 - Found PDF.txt (text/plain) in CBT.V508.FILE300.PDS, moved to PDS/PDF
2025-04-15 01:18:35.809470 - Found PDF$.txt (text/plain) in CBT.V508.FILE300.PDS, moved to PDS/PDF$
2025-04-15 01:18:35.809635 - Found PDF#.txt (text/plain) in CBT.V508.FILE300.PDS, moved to PDS/PDF#
2025-04-15 01:18:35.809951 - Found PDF##.txt (text/plain) in CBT.V508.FILE300.PDS, moved to PDS/PDF##
2025-04-15 01:18:35.810692 - Found PLIF.txt (text/plain) in CBT.V508.FILE300.PDS, moved to PDS/PLIF
2025-04-15 01:18:35.811030 - Found PLIF#.txt (text/plain) in CBT.V508.FILE300.PDS, moved to PDS/PLIF#
2025-04-15 01:18:35.811677 - Found POF.txt (text/plain) in CBT.V508.FILE300.PDS, moved to PDS/POF
2025-04-15 01:18:35.811853 - Found POF$.txt (text/plain) in CBT.V508.FILE300.PDS, moved to PDS/POF$
2025-04-15 01:18:35.812442 - Found PPXIT.txt (text/plain) in CBT.V508.FILE300.PDS, moved to PDS/PPXIT
2025-04-15 01:18:35.812742 - Found PRINTOF$.txt (text/plain) in CBT.V508.FILE300.PDS, moved to PDS/PRINTOF$
2025-04-15 01:18:35.813068 - Found PRINTOF#.txt (text/plain) in CBT.V508.FILE300.PDS, moved to PDS/PRINTOF#
2025-04-15 01:18:35.813818 - Found PRINTOFF.txt (text/plain) in CBT.V508.FILE300.PDS, moved to PDS/PRINTOFF
2025-04-15 01:18:35.814521 - Found PUNCH.txt (text/plain) in CBT.V508.FILE300.PDS, moved to PDS/PUNCH
2025-04-15 01:18:35.814830 - Found PUNCH$.txt (text/plain) in CBT.V508.FILE300.PDS, moved to PDS/PUNCH$
2025-04-15 01:18:35.815134 - Found PUNCH#.txt (text/plain) in CBT.V508.FILE300.PDS, moved to PDS/PUNCH#
2025-04-15 01:18:35.815827 - Found QCB.txt (text/plain) in CBT.V508.FILE300.PDS, moved to PDS/QCB
2025-04-15 01:18:35.816135 - Found QCB$.txt (text/plain) in CBT.V508.FILE300.PDS, moved to PDS/QCB$
2025-04-15 01:18:35.816437 - Found QCB#.txt (text/plain) in CBT.V508.FILE300.PDS, moved to PDS/QCB#
2025-04-15 01:18:35.817002 - Found QLIST.txt (text/plain) in CBT.V508.FILE300.PDS, moved to PDS/QLIST
2025-04-15 01:18:35.817323 - Found QLIST$.txt (text/plain) in CBT.V508.FILE300.PDS, moved to PDS/QLIST$
2025-04-15 01:18:35.817637 - Found QLIST#.txt (text/plain) in CBT.V508.FILE300.PDS, moved to PDS/QLIST#
2025-04-15 01:18:35.818019 - Found RACFALT.txt (text/plain) in CBT.V508.FILE300.PDS, moved to PDS/RACFALT
2025-04-15 01:18:35.818668 - Found RACFCLST.txt (text/plain) in CBT.V508.FILE300.PDS, moved to PDS/RACFCLST
2025-04-15 01:18:35.819705 - Found REVIEW.txt (text/plain) in CBT.V508.FILE300.PDS, moved to PDS/REVIEW
2025-04-15 01:18:35.819930 - Found REVIEW$.txt (text/plain) in CBT.V508.FILE300.PDS, moved to PDS/REVIEW$
2025-04-15 01:18:35.820270 - Found REVIEW#.txt (text/plain) in CBT.V508.FILE300.PDS, moved to PDS/REVIEW#
2025-04-15 01:18:35.820588 - Found REVIEW@.txt (text/plain) in CBT.V508.FILE300.PDS, moved to PDS/REVIEW@
2025-04-15 01:18:35.820816 - Found REVSMF.txt (text/plain) in CBT.V508.FILE300.PDS, moved to PDS/REVSMF
2025-04-15 01:18:35.821330 - Found RLSE.txt (text/plain) in CBT.V508.FILE300.PDS, moved to PDS/RLSE
2025-04-15 01:18:35.821628 - Found RLSE$.jcl (text/plain) in CBT.V508.FILE300.PDS, moved to PDS/RLSE$
2025-04-15 01:18:35.821919 - Found RLSE$O.txt (text/plain) in CBT.V508.FILE300.PDS, moved to PDS/RLSE$O
2025-04-15 01:18:35.822216 - Found RLSE#.txt (text/plain) in CBT.V508.FILE300.PDS, moved to PDS/RLSE#
2025-04-15 01:18:35.822513 - Found RLSE@.txt (text/plain) in CBT.V508.FILE300.PDS, moved to PDS/RLSE@
2025-04-15 01:18:35.822836 - Found SAFECO##.txt (text/plain) in CBT.V508.FILE300.PDS, moved to PDS/SAFECO##
2025-04-15 01:18:35.823127 - Found SAFECOP$.txt (text/plain) in CBT.V508.FILE300.PDS, moved to PDS/SAFECOP$
2025-04-15 01:18:35.823438 - Found SAFECOP#.txt (text/plain) in CBT.V508.FILE300.PDS, moved to PDS/SAFECOP#
2025-04-15 01:18:35.824104 - Found SAFECOPY.txt (text/plain) in CBT.V508.FILE300.PDS, moved to PDS/SAFECOPY
2025-04-15 01:18:35.824699 - Found SCRATCH.txt (text/plain) in CBT.V508.FILE300.PDS, moved to PDS/SCRATCH
2025-04-15 01:18:35.824862 - Found SCRATCH$.jcl (text/plain) in CBT.V508.FILE300.PDS, moved to PDS/SCRATCH$
2025-04-15 01:18:35.825041 - Found SCRATCH#.txt (text/plain) in CBT.V508.FILE300.PDS, moved to PDS/SCRATCH#
2025-04-15 01:18:35.825366 - Found SCRATCH1.txt (text/plain) in CBT.V508.FILE300.PDS, moved to PDS/SCRATCH1
2025-04-15 01:18:35.825810 - Found SCRAT24.txt (text/plain) in CBT.V508.FILE300.PDS, moved to PDS/SCRAT24
2025-04-15 01:18:35.825973 - Found SHELP.txt (text/plain) in CBT.V508.FILE300.PDS, moved to PDS/SHELP
2025-04-15 01:18:35.826144 - Found SHELP$.txt (text/plain) in CBT.V508.FILE300.PDS, moved to PDS/SHELP$
2025-04-15 01:18:35.826434 - Found SHELP#.txt (text/plain) in CBT.V508.FILE300.PDS, moved to PDS/SHELP#
2025-04-15 01:18:35.827063 - Found SHOWDS.txt (text/plain) in CBT.V508.FILE300.PDS, moved to PDS/SHOWDS
2025-04-15 01:18:35.827365 - Found SHOWDS$.jcl (text/plain) in CBT.V508.FILE300.PDS, moved to PDS/SHOWDS$
2025-04-15 01:18:35.827666 - Found SHOWDS#.txt (text/plain) in CBT.V508.FILE300.PDS, moved to PDS/SHOWDS#
2025-04-15 01:18:35.828391 - Found SHOWDS01.txt (text/plain) in CBT.V508.FILE300.PDS, moved to PDS/SHOWDS01
2025-04-15 01:18:35.829043 - Found SHOWSPC.txt (text/plain) in CBT.V508.FILE300.PDS, moved to PDS/SHOWSPC
2025-04-15 01:18:35.829213 - Found SHOWSPC$.jcl (text/plain) in CBT.V508.FILE300.PDS, moved to PDS/SHOWSPC$
2025-04-15 01:18:35.829377 - Found SHOWSPC#.txt (text/plain) in CBT.V508.FILE300.PDS, moved to PDS/SHOWSPC#
2025-04-15 01:18:35.830035 - Found SHOWSP01.txt (text/plain) in CBT.V508.FILE300.PDS, moved to PDS/SHOWSP01
2025-04-15 01:18:35.830621 - Found SHOWSS.txt (text/plain) in CBT.V508.FILE300.PDS, moved to PDS/SHOWSS
2025-04-15 01:18:35.830918 - Found SHOWSS$.jcl (text/plain) in CBT.V508.FILE300.PDS, moved to PDS/SHOWSS$
2025-04-15 01:18:35.831215 - Found SHOWSS#.txt (text/plain) in CBT.V508.FILE300.PDS, moved to PDS/SHOWSS#
2025-04-15 01:18:35.831569 - Found SHOWSS00.txt (text/plain) in CBT.V508.FILE300.PDS, moved to PDS/SHOWSS00
2025-04-15 01:18:35.831898 - Found SOLICIT.txt (text/plain) in CBT.V508.FILE300.PDS, moved to PDS/SOLICIT
2025-04-15 01:18:35.832192 - Found SOLICIT$.txt (text/plain) in CBT.V508.FILE300.PDS, moved to PDS/SOLICIT$
2025-04-15 01:18:35.832367 - Found SOLICIT#.txt (text/plain) in CBT.V508.FILE300.PDS, moved to PDS/SOLICIT#
2025-04-15 01:18:35.832683 - Found SORTLNK.txt (text/plain) in CBT.V508.FILE300.PDS, moved to PDS/SORTLNK
2025-04-15 01:18:35.833027 - Found SPFCOPY.txt (text/plain) in CBT.V508.FILE300.PDS, moved to PDS/SPFCOPY
2025-04-15 01:18:35.833344 - Found SPFCOPY$.txt (text/plain) in CBT.V508.FILE300.PDS, moved to PDS/SPFCOPY$
2025-04-15 01:18:35.833940 - Found SPFHOLD.txt (text/plain) in CBT.V508.FILE300.PDS, moved to PDS/SPFHOLD
2025-04-15 01:18:35.834285 - Found SPFSVC.txt (text/plain) in CBT.V508.FILE300.PDS, moved to PDS/SPFSVC
2025-04-15 01:18:35.834463 - Found SPFSVC$.txt (text/plain) in CBT.V508.FILE300.PDS, moved to PDS/SPFSVC$
2025-04-15 01:18:35.834666 - Found SPFSVCO.txt (text/plain) in CBT.V508.FILE300.PDS, moved to PDS/SPFSVCO
2025-04-15 01:18:35.835070 - Found SPZAP.txt (text/plain) in CBT.V508.FILE300.PDS, moved to PDS/SPZAP
2025-04-15 01:18:35.835262 - Found SPZAP$.txt (text/plain) in CBT.V508.FILE300.PDS, moved to PDS/SPZAP$
2025-04-15 01:18:35.835456 - Found SPZAP#.txt (text/plain) in CBT.V508.FILE300.PDS, moved to PDS/SPZAP#
2025-04-15 01:18:35.835666 - Found STACK.txt (text/plain) in CBT.V508.FILE300.PDS, moved to PDS/STACK
2025-04-15 01:18:35.836058 - Found SUBMITX.txt (text/plain) in CBT.V508.FILE300.PDS, moved to PDS/SUBMITX
2025-04-15 01:18:35.836244 - Found SUBMITX$.txt (text/plain) in CBT.V508.FILE300.PDS, moved to PDS/SUBMITX$
2025-04-15 01:18:35.836852 - Found SYSDSN.txt (text/plain) in CBT.V508.FILE300.PDS, moved to PDS/SYSDSN
2025-04-15 01:18:35.837162 - Found SYSDSN$.txt (text/plain) in CBT.V508.FILE300.PDS, moved to PDS/SYSDSN$
2025-04-15 01:18:35.837350 - Found SYSDSN#.txt (text/plain) in CBT.V508.FILE300.PDS, moved to PDS/SYSDSN#
2025-04-15 01:18:35.837813 - Found SYSDSN##.txt (text/plain) in CBT.V508.FILE300.PDS, moved to PDS/SYSDSN##
2025-04-15 01:18:35.838194 - Found SYSID.txt (text/plain) in CBT.V508.FILE300.PDS, moved to PDS/SYSID
2025-04-15 01:18:35.838375 - Found SYSID$.txt (text/plain) in CBT.V508.FILE300.PDS, moved to PDS/SYSID$
2025-04-15 01:18:35.838666 - Found SYSOUT99.txt (text/plain) in CBT.V508.FILE300.PDS, moved to PDS/SYSOUT99
2025-04-15 01:18:35.839151 - Found SYSTEM.txt (text/plain) in CBT.V508.FILE300.PDS, moved to PDS/SYSTEM
2025-04-15 01:18:35.839329 - Found SYSTEM$.jcl (text/plain) in CBT.V508.FILE300.PDS, moved to PDS/SYSTEM$
2025-04-15 01:18:35.839497 - Found SYSTEM#.txt (text/plain) in CBT.V508.FILE300.PDS, moved to PDS/SYSTEM#
2025-04-15 01:18:35.839824 - Found SYSTEM00.txt (text/plain) in CBT.V508.FILE300.PDS, moved to PDS/SYSTEM00
2025-04-15 01:18:35.840501 - Found S99DAIR.txt (text/plain) in CBT.V508.FILE300.PDS, moved to PDS/S99DAIR
2025-04-15 01:18:35.841146 - Found TCAMTTY.bin (application/octet-stream) in CBT.V508.FILE300.PDS, moved to PDS/TCAMTTY
2025-04-15 01:18:35.841621 - Found TO.txt (text/plain) in CBT.V508.FILE300.PDS, moved to PDS/TO
2025-04-15 01:18:35.841803 - Found TO$JDM.txt (text/plain) in CBT.V508.FILE300.PDS, moved to PDS/TO$JDM
2025-04-15 01:18:35.842138 - Found TO$SBG.jcl (text/plain) in CBT.V508.FILE300.PDS, moved to PDS/TO$SBG
2025-04-15 01:18:35.842469 - Found TO#.txt (text/plain) in CBT.V508.FILE300.PDS, moved to PDS/TO#
2025-04-15 01:18:35.842838 - Found TODCNVRT.txt (text/plain) in CBT.V508.FILE300.PDS, moved to PDS/TODCNVRT
2025-04-15 01:18:35.843415 - Found TODPRINT.txt (text/plain) in CBT.V508.FILE300.PDS, moved to PDS/TODPRINT
2025-04-15 01:18:35.844078 - Found TO00.txt (text/plain) in CBT.V508.FILE300.PDS, moved to PDS/TO00
2025-04-15 01:18:35.844407 - Found TPRINT.txt (text/plain) in CBT.V508.FILE300.PDS, moved to PDS/TPRINT
2025-04-15 01:18:35.844735 - Found TPRINT$.txt (text/plain) in CBT.V508.FILE300.PDS, moved to PDS/TPRINT$
2025-04-15 01:18:35.845055 - Found TPRINT#.txt (text/plain) in CBT.V508.FILE300.PDS, moved to PDS/TPRINT#
2025-04-15 01:18:35.845421 - Found TSOCP.txt (text/plain) in CBT.V508.FILE300.PDS, moved to PDS/TSOCP
2025-04-15 01:18:35.845609 - Found TSOCP$.jcl (text/plain) in CBT.V508.FILE300.PDS, moved to PDS/TSOCP$
2025-04-15 01:18:35.845823 - Found TSOEXEC.txt (text/plain) in CBT.V508.FILE300.PDS, moved to PDS/TSOEXEC
2025-04-15 01:18:35.845998 - Found TSOEXEC$.txt (text/plain) in CBT.V508.FILE300.PDS, moved to PDS/TSOEXEC$
2025-04-15 01:18:35.846182 - Found TSOEXEC#.txt (text/plain) in CBT.V508.FILE300.PDS, moved to PDS/TSOEXEC#
2025-04-15 01:18:35.846757 - Found UADLST.txt (text/plain) in CBT.V508.FILE300.PDS, moved to PDS/UADLST
2025-04-15 01:18:35.846953 - Found UADLST$.jcl (text/plain) in CBT.V508.FILE300.PDS, moved to PDS/UADLST$
2025-04-15 01:18:35.847159 - Found UADLST#.txt (text/plain) in CBT.V508.FILE300.PDS, moved to PDS/UADLST#
2025-04-15 01:18:35.847772 - Found UADS.txt (text/plain) in CBT.V508.FILE300.PDS, moved to PDS/UADS
2025-04-15 01:18:35.848083 - Found UADS$.jcl (text/plain) in CBT.V508.FILE300.PDS, moved to PDS/UADS$
2025-04-15 01:18:35.848415 - Found UADS#.txt (text/plain) in CBT.V508.FILE300.PDS, moved to PDS/UADS#
2025-04-15 01:18:35.848957 - Found UADS@.txt (text/plain) in CBT.V508.FILE300.PDS, moved to PDS/UADS@
2025-04-15 01:18:35.849554 - Found UADSO.txt (text/plain) in CBT.V508.FILE300.PDS, moved to PDS/UADSO
2025-04-15 01:18:35.850263 - Found UCBSCAN.txt (text/plain) in CBT.V508.FILE300.PDS, moved to PDS/UCBSCAN
2025-04-15 01:18:35.850496 - Found UCBSCAN$.txt (text/plain) in CBT.V508.FILE300.PDS, moved to PDS/UCBSCAN$
2025-04-15 01:18:35.851116 - Found UNITS.txt (text/plain) in CBT.V508.FILE300.PDS, moved to PDS/UNITS
2025-04-15 01:18:35.851440 - Found UNITS$.jcl (text/plain) in CBT.V508.FILE300.PDS, moved to PDS/UNITS$
2025-04-15 01:18:35.851807 - Found UNITSO1.txt (text/plain) in CBT.V508.FILE300.PDS, moved to PDS/UNITSO1
2025-04-15 01:18:35.852166 - Found UNITS02.txt (text/plain) in CBT.V508.FILE300.PDS, moved to PDS/UNITS02
2025-04-15 01:18:35.852876 - Found USERS.jcl (text/plain) in CBT.V508.FILE300.PDS, moved to PDS/USERS
2025-04-15 01:18:35.853209 - Found USERSACT.txt (text/plain) in CBT.V508.FILE300.PDS, moved to PDS/USERSACT
2025-04-15 01:18:35.853458 - Found USERSC1.txt (text/plain) in CBT.V508.FILE300.PDS, moved to PDS/USERSC1
2025-04-15 01:18:35.854142 - Found USERS00.jcl (text/plain) in CBT.V508.FILE300.PDS, moved to PDS/USERS00
2025-04-15 01:18:35.854881 - Found USERS01.jcl (text/plain) in CBT.V508.FILE300.PDS, moved to PDS/USERS01
2025-04-15 01:18:35.855692 - Found VSFORT.txt (text/plain) in CBT.V508.FILE300.PDS, moved to PDS/VSFORT
2025-04-15 01:18:35.856006 - Found VSFORT$.txt (text/plain) in CBT.V508.FILE300.PDS, moved to PDS/VSFORT$
2025-04-15 01:18:35.856360 - Found VSFORT#3.txt (text/plain) in CBT.V508.FILE300.PDS, moved to PDS/VSFORT#3
2025-04-15 01:18:35.856712 - Found VSFORT#4.txt (text/plain) in CBT.V508.FILE300.PDS, moved to PDS/VSFORT#4
2025-04-15 01:18:35.857067 - Found VSFORT2.txt (text/plain) in CBT.V508.FILE300.PDS, moved to PDS/VSFORT2
2025-04-15 01:18:35.857709 - Found VSMRGN.txt (text/plain) in CBT.V508.FILE300.PDS, moved to PDS/VSMRGN
2025-04-15 01:18:35.857909 - Found VSMRGN$.jcl (text/plain) in CBT.V508.FILE300.PDS, moved to PDS/VSMRGN$
2025-04-15 01:18:35.859063 - Found VTOC.txt (text/plain) in CBT.V508.FILE300.PDS, moved to PDS/VTOC
2025-04-15 01:18:35.859258 - Found VTOC$.txt (text/plain) in CBT.V508.FILE300.PDS, moved to PDS/VTOC$
2025-04-15 01:18:35.859638 - Found VTOC#.txt (text/plain) in CBT.V508.FILE300.PDS, moved to PDS/VTOC#
2025-04-15 01:18:35.860270 - Found WHATIF.txt (text/plain) in CBT.V508.FILE300.PDS, moved to PDS/WHATIF
2025-04-15 01:18:35.860460 - Found WHATIF$.txt (text/plain) in CBT.V508.FILE300.PDS, moved to PDS/WHATIF$
2025-04-15 01:18:35.860786 - Found WHATIF#.txt (text/plain) in CBT.V508.FILE300.PDS, moved to PDS/WHATIF#
2025-04-15 01:18:35.860983 - Found WHOHAS.txt (text/plain) in CBT.V508.FILE300.PDS, moved to PDS/WHOHAS
2025-04-15 01:18:35.861153 - Found WHOHAS$.txt (text/plain) in CBT.V508.FILE300.PDS, moved to PDS/WHOHAS$
2025-04-15 01:18:35.861338 - Found WHOHAS#.jcl (text/plain) in CBT.V508.FILE300.PDS, moved to PDS/WHOHAS#
2025-04-15 01:18:35.861548 - Found WHOHAS2.txt (text/plain) in CBT.V508.FILE300.PDS, moved to PDS/WHOHAS2
2025-04-15 01:18:35.861756 - Found WTC.txt (text/plain) in CBT.V508.FILE300.PDS, moved to PDS/WTC
2025-04-15 01:18:35.861932 - Found WTC$.txt (text/plain) in CBT.V508.FILE300.PDS, moved to PDS/WTC$
2025-04-15 01:18:35.862100 - Found WTC#.txt (text/plain) in CBT.V508.FILE300.PDS, moved to PDS/WTC#
2025-04-15 01:18:35.863564 - Found ZAP.x-dosexec (application/x-dosexec) in CBT.V508.FILE300.PDS, moved to PDS/ZAP
2025-04-15 01:18:35.863878 - Found ZAP$.jcl (text/plain) in CBT.V508.FILE300.PDS, moved to PDS/ZAP$
2025-04-15 01:18:35.864061 - Found ZAP$DOC.txt (text/plain) in CBT.V508.FILE300.PDS, moved to PDS/ZAP$DOC
2025-04-15 01:18:35.864234 - Found ZAP$O.txt (text/plain) in CBT.V508.FILE300.PDS, moved to PDS/ZAP$O
2025-04-15 01:18:35.864410 - Found ZAP#.txt (text/plain) in CBT.V508.FILE300.PDS, moved to PDS/ZAP#
2025-04-15 01:18:35.864693 - Found ZAP#O.txt (text/plain) in CBT.V508.FILE300.PDS, moved to PDS/ZAP#O
2025-04-15 01:18:35.865302 - Found ZAP@.txt (text/plain) in CBT.V508.FILE300.PDS, moved to PDS/ZAP@
2025-04-15 01:18:35.866624 - Found ZAPO.x-dosexec (application/x-dosexec) in CBT.V508.FILE300.PDS, moved to PDS/ZAPO
